Archive member included to satisfy reference by file (symbol)

/home/nikita/software/gcc-arm-none-eabi-7-2018-q2-update/bin/../lib/gcc/arm-none-eabi/7.3.1/../../../../arm-none-eabi/lib/thumb/v7-m/libc_nano.a(lib_a-exit.o)
                              /home/nikita/software/gcc-arm-none-eabi-7-2018-q2-update/bin/../lib/gcc/arm-none-eabi/7.3.1/../../../../arm-none-eabi/lib/thumb/v7-m/crt0.o (exit)
/home/nikita/software/gcc-arm-none-eabi-7-2018-q2-update/bin/../lib/gcc/arm-none-eabi/7.3.1/../../../../arm-none-eabi/lib/thumb/v7-m/libc_nano.a(lib_a-impure.o)
                              /home/nikita/software/gcc-arm-none-eabi-7-2018-q2-update/bin/../lib/gcc/arm-none-eabi/7.3.1/../../../../arm-none-eabi/lib/thumb/v7-m/libc_nano.a(lib_a-exit.o) (_global_impure_ptr)
/home/nikita/software/gcc-arm-none-eabi-7-2018-q2-update/bin/../lib/gcc/arm-none-eabi/7.3.1/../../../../arm-none-eabi/lib/thumb/v7-m/libc_nano.a(lib_a-init.o)
                              /home/nikita/software/gcc-arm-none-eabi-7-2018-q2-update/bin/../lib/gcc/arm-none-eabi/7.3.1/../../../../arm-none-eabi/lib/thumb/v7-m/crt0.o (__libc_init_array)
/home/nikita/software/gcc-arm-none-eabi-7-2018-q2-update/bin/../lib/gcc/arm-none-eabi/7.3.1/../../../../arm-none-eabi/lib/thumb/v7-m/libc_nano.a(lib_a-memset.o)
                              /home/nikita/software/gcc-arm-none-eabi-7-2018-q2-update/bin/../lib/gcc/arm-none-eabi/7.3.1/../../../../arm-none-eabi/lib/thumb/v7-m/crt0.o (memset)
/home/nikita/software/gcc-arm-none-eabi-7-2018-q2-update/bin/../lib/gcc/arm-none-eabi/7.3.1/../../../../arm-none-eabi/lib/thumb/v7-m/libnosys.a(_exit.o)
                              /home/nikita/software/gcc-arm-none-eabi-7-2018-q2-update/bin/../lib/gcc/arm-none-eabi/7.3.1/../../../../arm-none-eabi/lib/thumb/v7-m/libc_nano.a(lib_a-exit.o) (_exit)
/home/nikita/software/gcc-arm-none-eabi-7-2018-q2-update/bin/../lib/gcc/arm-none-eabi/7.3.1/thumb/v7-m/libgcc.a(_aeabi_uldivmod.o)
                              build/stm32f2xx_hal_rcc.o (__aeabi_uldivmod)
/home/nikita/software/gcc-arm-none-eabi-7-2018-q2-update/bin/../lib/gcc/arm-none-eabi/7.3.1/thumb/v7-m/libgcc.a(_udivmoddi4.o)
                              /home/nikita/software/gcc-arm-none-eabi-7-2018-q2-update/bin/../lib/gcc/arm-none-eabi/7.3.1/thumb/v7-m/libgcc.a(_aeabi_uldivmod.o) (__udivmoddi4)
/home/nikita/software/gcc-arm-none-eabi-7-2018-q2-update/bin/../lib/gcc/arm-none-eabi/7.3.1/thumb/v7-m/libgcc.a(_dvmd_tls.o)
                              /home/nikita/software/gcc-arm-none-eabi-7-2018-q2-update/bin/../lib/gcc/arm-none-eabi/7.3.1/thumb/v7-m/libgcc.a(_aeabi_uldivmod.o) (__aeabi_ldiv0)

Allocating common symbols
Common symbol       size              file

uwTick              0x4               build/stm32f2xx_hal.o
pFlash              0x20              build/stm32f2xx_hal_flash.o
hadc1               0x48              build/main.o
huart1              0x40              build/main.o

Discarded input sections

 .text          0x0000000000000000        0x0 /home/nikita/software/gcc-arm-none-eabi-7-2018-q2-update/bin/../lib/gcc/arm-none-eabi/7.3.1/thumb/v7-m/crti.o
 .data          0x0000000000000000        0x0 /home/nikita/software/gcc-arm-none-eabi-7-2018-q2-update/bin/../lib/gcc/arm-none-eabi/7.3.1/thumb/v7-m/crti.o
 .bss           0x0000000000000000        0x0 /home/nikita/software/gcc-arm-none-eabi-7-2018-q2-update/bin/../lib/gcc/arm-none-eabi/7.3.1/thumb/v7-m/crti.o
 .data          0x0000000000000000        0x4 /home/nikita/software/gcc-arm-none-eabi-7-2018-q2-update/bin/../lib/gcc/arm-none-eabi/7.3.1/thumb/v7-m/crtbegin.o
 .text          0x0000000000000000       0x74 /home/nikita/software/gcc-arm-none-eabi-7-2018-q2-update/bin/../lib/gcc/arm-none-eabi/7.3.1/../../../../arm-none-eabi/lib/thumb/v7-m/crt0.o
 .data          0x0000000000000000        0x0 /home/nikita/software/gcc-arm-none-eabi-7-2018-q2-update/bin/../lib/gcc/arm-none-eabi/7.3.1/../../../../arm-none-eabi/lib/thumb/v7-m/crt0.o
 .bss           0x0000000000000000        0x0 /home/nikita/software/gcc-arm-none-eabi-7-2018-q2-update/bin/../lib/gcc/arm-none-eabi/7.3.1/../../../../arm-none-eabi/lib/thumb/v7-m/crt0.o
 .ARM.extab     0x0000000000000000        0x0 /home/nikita/software/gcc-arm-none-eabi-7-2018-q2-update/bin/../lib/gcc/arm-none-eabi/7.3.1/../../../../arm-none-eabi/lib/thumb/v7-m/crt0.o
 .ARM.exidx     0x0000000000000000        0x8 /home/nikita/software/gcc-arm-none-eabi-7-2018-q2-update/bin/../lib/gcc/arm-none-eabi/7.3.1/../../../../arm-none-eabi/lib/thumb/v7-m/crt0.o
 .ARM.attributes
                0x0000000000000000       0x1b /home/nikita/software/gcc-arm-none-eabi-7-2018-q2-update/bin/../lib/gcc/arm-none-eabi/7.3.1/../../../../arm-none-eabi/lib/thumb/v7-m/crt0.o
 .text          0x0000000000000000        0x0 build/main.o
 .data          0x0000000000000000        0x0 build/main.o
 .bss           0x0000000000000000        0x0 build/main.o
 .text          0x0000000000000000        0x0 build/stm32f2xx_it.o
[...]
Memory Configuration

Name             Origin             Length             Attributes
RAM              0x0000000020000000 0x0000000000020000 xrw
FLASH            0x0000000008000000 0x0000000000100000 xr
*default*        0x0000000000000000 0xffffffffffffffff

Linker script and memory map

LOAD /home/nikita/software/gcc-arm-none-eabi-7-2018-q2-update/bin/../lib/gcc/arm-none-eabi/7.3.1/thumb/v7-m/crti.o
LOAD /home/nikita/software/gcc-arm-none-eabi-7-2018-q2-update/bin/../lib/gcc/arm-none-eabi/7.3.1/thumb/v7-m/crtbegin.o
LOAD /home/nikita/software/gcc-arm-none-eabi-7-2018-q2-update/bin/../lib/gcc/arm-none-eabi/7.3.1/../../../../arm-none-eabi/lib/thumb/v7-m/crt0.o
LOAD build/main.o
LOAD build/stm32f2xx_it.o
LOAD build/stm32f2xx_hal_msp.o
LOAD build/stm32f2xx_hal_adc.o
LOAD build/stm32f2xx_hal_adc_ex.o
LOAD build/stm32f2xx_hal_tim.o
LOAD build/stm32f2xx_hal_tim_ex.o
LOAD build/stm32f2xx_hal_uart.o
LOAD build/stm32f2xx_hal.o
LOAD build/stm32f2xx_hal_rcc.o
LOAD build/stm32f2xx_hal_rcc_ex.o
LOAD build/stm32f2xx_hal_cortex.o
LOAD build/stm32f2xx_hal_flash.o
LOAD build/stm32f2xx_hal_flash_ex.o
LOAD build/stm32f2xx_hal_pwr.o
LOAD build/stm32f2xx_hal_pwr_ex.o
LOAD build/stm32f2xx_hal_gpio.o
LOAD build/stm32f2xx_hal_dma.o
LOAD build/stm32f2xx_hal_dma_ex.o
LOAD build/print.o
LOAD build/debug.o
LOAD build/gpio.o
LOAD build/timer.o
LOAD build/system_stm32f2xx.o
LOAD build/startup_stm32f205xx.o
LOAD /home/nikita/software/gcc-arm-none-eabi-7-2018-q2-update/bin/../lib/gcc/arm-none-eabi/7.3.1/../../../../arm-none-eabi/lib/thumb/v7-m/libc_nano.a
LOAD /home/nikita/software/gcc-arm-none-eabi-7-2018-q2-update/bin/../lib/gcc/arm-none-eabi/7.3.1/../../../../arm-none-eabi/lib/thumb/v7-m/libm.a
LOAD /home/nikita/software/gcc-arm-none-eabi-7-2018-q2-update/bin/../lib/gcc/arm-none-eabi/7.3.1/../../../../arm-none-eabi/lib/thumb/v7-m/libnosys.a
START GROUP
LOAD /home/nikita/software/gcc-arm-none-eabi-7-2018-q2-update/bin/../lib/gcc/arm-none-eabi/7.3.1/thumb/v7-m/libgcc.a
LOAD /home/nikita/software/gcc-arm-none-eabi-7-2018-q2-update/bin/../lib/gcc/arm-none-eabi/7.3.1/../../../../arm-none-eabi/lib/thumb/v7-m/libc_nano.a
END GROUP
START GROUP
LOAD /home/nikita/software/gcc-arm-none-eabi-7-2018-q2-update/bin/../lib/gcc/arm-none-eabi/7.3.1/thumb/v7-m/libgcc.a
LOAD /home/nikita/software/gcc-arm-none-eabi-7-2018-q2-update/bin/../lib/gcc/arm-none-eabi/7.3.1/../../../../arm-none-eabi/lib/thumb/v7-m/libc_nano.a
END GROUP
LOAD /home/nikita/software/gcc-arm-none-eabi-7-2018-q2-update/bin/../lib/gcc/arm-none-eabi/7.3.1/thumb/v7-m/crtend.o
LOAD /home/nikita/software/gcc-arm-none-eabi-7-2018-q2-update/bin/../lib/gcc/arm-none-eabi/7.3.1/thumb/v7-m/crtn.o
                0x0000000020020000                _estack = 0x20020000
                0x0000000000000200                _Min_Heap_Size = 0x200
                0x0000000000000400                _Min_Stack_Size = 0x400

.isr_vector     0x0000000008000000      0x184
                0x0000000008000000                . = ALIGN (0x4)
 *(.isr_vector)
 .isr_vector    0x0000000008000000      0x184 build/startup_stm32f205xx.o
                0x0000000008000000                g_pfnVectors
                0x0000000008000184                . = ALIGN (0x4)

.text           0x0000000008000184     0x1734
                0x0000000008000184                . = ALIGN (0x4)
 *(.text)
 .text          0x0000000008000184       0x40 /home/nikita/software/gcc-arm-none-eabi-7-2018-q2-update/bin/../lib/gcc/arm-none-eabi/7.3.1/thumb/v7-m/crtbegin.o
 .text          0x00000000080001c4       0x30 /home/nikita/software/gcc-arm-none-eabi-7-2018-q2-update/bin/../lib/gcc/arm-none-eabi/7.3.1/thumb/v7-m/libgcc.a(_aeabi_uldivmod.o)
                0x00000000080001c4                __aeabi_uldivmod
 .text          0x00000000080001f4      0x2d0 /home/nikita/software/gcc-arm-none-eabi-7-2018-q2-update/bin/../lib/gcc/arm-none-eabi/7.3.1/thumb/v7-m/libgcc.a(_udivmoddi4.o)
                0x00000000080001f4                __udivmoddi4
 .text          0x00000000080004c4        0x4 /home/nikita/software/gcc-arm-none-eabi-7-2018-q2-update/bin/../lib/gcc/arm-none-eabi/7.3.1/thumb/v7-m/libgcc.a(_dvmd_tls.o)
                0x00000000080004c4                __aeabi_ldiv0
                0x00000000080004c4                __aeabi_idiv0
 *(.text*)
 .text.MX_GPIO_Init
                0x00000000080004c8       0x70 build/main.o
 .text._Error_Handler
                0x0000000008000538        0x2 build/main.o
                0x0000000008000538                _Error_Handler
 *fill*         0x000000000800053a        0x2 
 .text.MX_USART1_UART_Init
                0x000000000800053c       0x3c build/main.o
 .text.SystemClock_Config
                0x0000000008000578       0x94 build/main.o
                0x0000000008000578                SystemClock_Config
 .text.main     0x000000000800060c      0x1b8 build/main.o
                0x000000000800060c                main
 .text.NMI_Handler
                0x00000000080007c4        0x2 build/stm32f2xx_it.o
                0x00000000080007c4                NMI_Handler
 .text.HardFault_Handler
                0x00000000080007c6        0x2 build/stm32f2xx_it.o
                0x00000000080007c6                HardFault_Handler
 .text.MemManage_Handler
                0x00000000080007c8        0x2 build/stm32f2xx_it.o
                0x00000000080007c8                MemManage_Handler
 .text.BusFault_Handler
                0x00000000080007ca        0x2 build/stm32f2xx_it.o
                0x00000000080007ca                BusFault_Handler
 .text.UsageFault_Handler
                0x00000000080007cc        0x2 build/stm32f2xx_it.o
                0x00000000080007cc                UsageFault_Handler
 .text.SVC_Handler
                0x00000000080007ce        0x2 build/stm32f2xx_it.o
                0x00000000080007ce                SVC_Handler
 .text.DebugMon_Handler
                0x00000000080007d0        0x2 build/stm32f2xx_it.o
                0x00000000080007d0                DebugMon_Handler
 .text.PendSV_Handler
                0x00000000080007d2        0x2 build/stm32f2xx_it.o
                0x00000000080007d2                PendSV_Handler
 .text.SysTick_Handler
                0x00000000080007d4        0xc build/stm32f2xx_it.o
                0x00000000080007d4                SysTick_Handler
 .text.ADC_IRQHandler
                0x00000000080007e0       0x10 build/stm32f2xx_it.o
                0x00000000080007e0                ADC_IRQHandler
 .text.HAL_MspInit
                0x00000000080007f0       0x94 build/stm32f2xx_hal_msp.o
                0x00000000080007f0                HAL_MspInit
 .text.HAL_UART_MspInit
                0x0000000008000884       0x58 build/stm32f2xx_hal_msp.o
                0x0000000008000884                HAL_UART_MspInit
 .text.HAL_ADC_ConvCpltCallback
                0x00000000080008dc        0x2 build/stm32f2xx_hal_adc.o
                0x00000000080008dc                HAL_ADC_ConvCpltCallback
 .text.HAL_ADC_LevelOutOfWindowCallback
                0x00000000080008de        0x2 build/stm32f2xx_hal_adc.o
                0x00000000080008de                HAL_ADC_LevelOutOfWindowCallback
 .text.HAL_ADC_ErrorCallback
                0x00000000080008e0        0x2 build/stm32f2xx_hal_adc.o
                0x00000000080008e0                HAL_ADC_ErrorCallback
 .text.HAL_ADC_IRQHandler
                0x00000000080008e2      0x14e build/stm32f2xx_hal_adc.o
                0x00000000080008e2                HAL_ADC_IRQHandler
 .text.HAL_ADCEx_InjectedConvCpltCallback
                0x0000000008000a30        0x2 build/stm32f2xx_hal_adc_ex.o
                0x0000000008000a30                HAL_ADCEx_InjectedConvCpltCallback
 *fill*         0x0000000008000a32        0x2 
 .text.UART_SetConfig
                0x0000000008000a34      0x334 build/stm32f2xx_hal_uart.o
 .text.HAL_UART_Init
                0x0000000008000d68       0x5e build/stm32f2xx_hal_uart.o
                0x0000000008000d68                HAL_UART_Init
 *fill*         0x0000000008000dc6        0x2 
 .text.HAL_InitTick
                0x0000000008000dc8       0x2c build/stm32f2xx_hal.o
                0x0000000008000dc8                HAL_InitTick
 .text.HAL_Init
                0x0000000008000df4       0x34 build/stm32f2xx_hal.o
                0x0000000008000df4                HAL_Init
 .text.HAL_IncTick
                0x0000000008000e28       0x10 build/stm32f2xx_hal.o
                0x0000000008000e28                HAL_IncTick
 .text.HAL_GetTick
                0x0000000008000e38        0xc build/stm32f2xx_hal.o
                0x0000000008000e38                HAL_GetTick
 .text.HAL_Delay
                0x0000000008000e44       0x24 build/stm32f2xx_hal.o
                0x0000000008000e44                HAL_Delay
 .text.HAL_RCC_OscConfig
                0x0000000008000e68      0x350 build/stm32f2xx_hal_rcc.o
                0x0000000008000e68                HAL_RCC_OscConfig
 .text.HAL_RCC_GetSysClockFreq
                0x00000000080011b8       0xd8 build/stm32f2xx_hal_rcc.o
                0x00000000080011b8                HAL_RCC_GetSysClockFreq
 .text.HAL_RCC_ClockConfig
                0x0000000008001290      0x164 build/stm32f2xx_hal_rcc.o
                0x0000000008001290                HAL_RCC_ClockConfig
 .text.HAL_RCC_GetHCLKFreq
                0x00000000080013f4        0xc build/stm32f2xx_hal_rcc.o
                0x00000000080013f4                HAL_RCC_GetHCLKFreq
 .text.HAL_RCC_GetPCLK1Freq
                0x0000000008001400       0x2c build/stm32f2xx_hal_rcc.o
                0x0000000008001400                HAL_RCC_GetPCLK1Freq
 .text.HAL_RCC_GetPCLK2Freq
                0x000000000800142c       0x2c build/stm32f2xx_hal_rcc.o
                0x000000000800142c                HAL_RCC_GetPCLK2Freq
 .text.HAL_NVIC_SetPriorityGrouping
                0x0000000008001458       0x24 build/stm32f2xx_hal_cortex.o
                0x0000000008001458                HAL_NVIC_SetPriorityGrouping
 .text.HAL_NVIC_SetPriority
                0x000000000800147c       0x68 build/stm32f2xx_hal_cortex.o
                0x000000000800147c                HAL_NVIC_SetPriority
 .text.HAL_SYSTICK_Config
                0x00000000080014e4       0x2c build/stm32f2xx_hal_cortex.o
                0x00000000080014e4                HAL_SYSTICK_Config
 .text.HAL_SYSTICK_CLKSourceConfig
                0x0000000008001510       0x20 build/stm32f2xx_hal_cortex.o
                0x0000000008001510                HAL_SYSTICK_CLKSourceConfig
 .text.HAL_SYSTICK_Callback
                0x0000000008001530        0x2 build/stm32f2xx_hal_cortex.o
                0x0000000008001530                HAL_SYSTICK_Callback
 .text.HAL_SYSTICK_IRQHandler
                0x0000000008001532        0x8 build/stm32f2xx_hal_cortex.o
                0x0000000008001532                HAL_SYSTICK_IRQHandler
 *fill*         0x000000000800153a        0x2 
 .text.HAL_GPIO_Init
                0x000000000800153c      0x1d4 build/stm32f2xx_hal_gpio.o
                0x000000000800153c                HAL_GPIO_Init
 .text.HAL_GPIO_WritePin
                0x0000000008001710        0xc build/stm32f2xx_hal_gpio.o
                0x0000000008001710                HAL_GPIO_WritePin
 .text.print    0x000000000800171c       0x14 build/print.o
                0x000000000800171c                print
 .text.printDEC
                0x0000000008001730       0x70 build/print.o
                0x0000000008001730                printDEC
 .text.write_u1
                0x00000000080017a0       0x14 build/debug.o
                0x00000000080017a0                write_u1
 .text.SystemInit
                0x00000000080017b4       0x40 build/system_stm32f2xx.o
                0x00000000080017b4                SystemInit
 .text.Reset_Handler
                0x00000000080017f4       0x50 build/startup_stm32f205xx.o
                0x00000000080017f4                Reset_Handler
 .text.Default_Handler
                0x0000000008001844        0x2 build/startup_stm32f205xx.o
                0x0000000008001844                RTC_Alarm_IRQHandler
                0x0000000008001844                HASH_RNG_IRQHandler
                0x0000000008001844                EXTI2_IRQHandler
                0x0000000008001844                TIM8_CC_IRQHandler
                0x0000000008001844                TIM1_CC_IRQHandler
                0x0000000008001844                DMA2_Stream5_IRQHandler
                0x0000000008001844                DMA1_Stream5_IRQHandler
                0x0000000008001844                PVD_IRQHandler
                0x0000000008001844                SDIO_IRQHandler
                0x0000000008001844                TAMP_STAMP_IRQHandler
                0x0000000008001844                CAN2_RX1_IRQHandler
                0x0000000008001844                EXTI3_IRQHandler
                0x0000000008001844                TIM8_TRG_COM_TIM14_IRQHandler
                0x0000000008001844                TIM1_UP_TIM10_IRQHandler
                0x0000000008001844                TIM8_UP_TIM13_IRQHandler
                0x0000000008001844                I2C3_ER_IRQHandler
                0x0000000008001844                EXTI0_IRQHandler
                0x0000000008001844                I2C2_EV_IRQHandler
                0x0000000008001844                DMA1_Stream2_IRQHandler
                0x0000000008001844                CAN1_RX0_IRQHandler
                0x0000000008001844                OTG_HS_WKUP_IRQHandler
                0x0000000008001844                CAN2_SCE_IRQHandler
                0x0000000008001844                DMA2_Stream2_IRQHandler
                0x0000000008001844                SPI1_IRQHandler
                0x0000000008001844                TIM6_DAC_IRQHandler
                0x0000000008001844                TIM1_BRK_TIM9_IRQHandler
                0x0000000008001844                CAN2_RX0_IRQHandler
                0x0000000008001844                DMA2_Stream3_IRQHandler
                0x0000000008001844                USART6_IRQHandler
                0x0000000008001844                USART3_IRQHandler
                0x0000000008001844                CAN1_RX1_IRQHandler
                0x0000000008001844                UART5_IRQHandler
                0x0000000008001844                DMA2_Stream0_IRQHandler
                0x0000000008001844                TIM4_IRQHandler
                0x0000000008001844                I2C1_EV_IRQHandler
                0x0000000008001844                DMA1_Stream6_IRQHandler
                0x0000000008001844                DMA1_Stream1_IRQHandler
                0x0000000008001844                UART4_IRQHandler
                0x0000000008001844                TIM3_IRQHandler
                0x0000000008001844                RCC_IRQHandler
                0x0000000008001844                TIM8_BRK_TIM12_IRQHandler
                0x0000000008001844                Default_Handler
                0x0000000008001844                EXTI15_10_IRQHandler
                0x0000000008001844                DMA1_Stream7_IRQHandler
                0x0000000008001844                TIM7_IRQHandler
                0x0000000008001844                CAN2_TX_IRQHandler
                0x0000000008001844                TIM5_IRQHandler
                0x0000000008001844                DMA2_Stream7_IRQHandler
                0x0000000008001844                I2C3_EV_IRQHandler
                0x0000000008001844                EXTI9_5_IRQHandler
                0x0000000008001844                RTC_WKUP_IRQHandler
                0x0000000008001844                SPI2_IRQHandler
                0x0000000008001844                OTG_HS_EP1_IN_IRQHandler
                0x0000000008001844                DMA1_Stream0_IRQHandler
                0x0000000008001844                CAN1_TX_IRQHandler
                0x0000000008001844                EXTI4_IRQHandler
                0x0000000008001844                FSMC_IRQHandler
                0x0000000008001844                OTG_HS_EP1_OUT_IRQHandler
                0x0000000008001844                WWDG_IRQHandler
                0x0000000008001844                TIM2_IRQHandler
                0x0000000008001844                OTG_FS_WKUP_IRQHandler
                0x0000000008001844                TIM1_TRG_COM_TIM11_IRQHandler
                0x0000000008001844                OTG_HS_IRQHandler
                0x0000000008001844                EXTI1_IRQHandler
                0x0000000008001844                USART2_IRQHandler
                0x0000000008001844                I2C2_ER_IRQHandler
                0x0000000008001844                DMA2_Stream1_IRQHandler
                0x0000000008001844                CAN1_SCE_IRQHandler
                0x0000000008001844                FLASH_IRQHandler
                0x0000000008001844                DMA2_Stream4_IRQHandler
                0x0000000008001844                USART1_IRQHandler
                0x0000000008001844                OTG_FS_IRQHandler
                0x0000000008001844                SPI3_IRQHandler
                0x0000000008001844                DMA1_Stream4_IRQHandler
                0x0000000008001844                I2C1_ER_IRQHandler
                0x0000000008001844                DMA2_Stream6_IRQHandler
                0x0000000008001844                DMA1_Stream3_IRQHandler
 *fill*         0x0000000008001846        0x2 
 .text.__libc_init_array
                0x0000000008001848       0x48 /home/nikita/software/gcc-arm-none-eabi-7-2018-q2-update/bin/../lib/gcc/arm-none-eabi/7.3.1/../../../../arm-none-eabi/lib/thumb/v7-m/libc_nano.a(lib_a-init.o)
                0x0000000008001848                __libc_init_array
 .text.memset   0x0000000008001890       0x10 /home/nikita/software/gcc-arm-none-eabi-7-2018-q2-update/bin/../lib/gcc/arm-none-eabi/7.3.1/../../../../arm-none-eabi/lib/thumb/v7-m/libc_nano.a(lib_a-memset.o)
                0x0000000008001890                memset
 *(.glue_7)
 .glue_7        0x00000000080018a0        0x0 linker stubs
 *(.glue_7t)
 .glue_7t       0x00000000080018a0        0x0 linker stubs
 *(.eh_frame)
 .eh_frame      0x00000000080018a0        0x0 /home/nikita/software/gcc-arm-none-eabi-7-2018-q2-update/bin/../lib/gcc/arm-none-eabi/7.3.1/thumb/v7-m/crtbegin.o
 *(.init)
 .init          0x00000000080018a0        0x4 /home/nikita/software/gcc-arm-none-eabi-7-2018-q2-update/bin/../lib/gcc/arm-none-eabi/7.3.1/thumb/v7-m/crti.o
                0x00000000080018a0                _init
 .init          0x00000000080018a4        0x8 /home/nikita/software/gcc-arm-none-eabi-7-2018-q2-update/bin/../lib/gcc/arm-none-eabi/7.3.1/thumb/v7-m/crtn.o
 *(.fini)
 .fini          0x00000000080018ac        0x4 /home/nikita/software/gcc-arm-none-eabi-7-2018-q2-update/bin/../lib/gcc/arm-none-eabi/7.3.1/thumb/v7-m/crti.o
                0x00000000080018ac                _fini
 .fini          0x00000000080018b0        0x8 /home/nikita/software/gcc-arm-none-eabi-7-2018-q2-update/bin/../lib/gcc/arm-none-eabi/7.3.1/thumb/v7-m/crtn.o
                0x00000000080018b8                . = ALIGN (0x4)
                0x00000000080018b8                _etext = .

.vfp11_veneer   0x00000000080018b8        0x0
 .vfp11_veneer  0x00000000080018b8        0x0 linker stubs

.v4_bx          0x00000000080018b8        0x0
 .v4_bx         0x00000000080018b8        0x0 linker stubs

.iplt           0x00000000080018b8        0x0
 .iplt          0x00000000080018b8        0x0 /home/nikita/software/gcc-arm-none-eabi-7-2018-q2-update/bin/../lib/gcc/arm-none-eabi/7.3.1/thumb/v7-m/crtbegin.o

.rodata         0x00000000080018b8       0x4c
                0x00000000080018b8                . = ALIGN (0x4)
 *(.rodata)
 *(.rodata*)
 .rodata.MX_USART1_UART_Init.str1.4
                0x00000000080018b8        0xb build/main.o
 *fill*         0x00000000080018c3        0x1 
 .rodata.main.str1.4
                0x00000000080018c4       0x28 build/main.o
                                         0x27 (size before relaxing)
 .rodata.AHBPrescTable
                0x00000000080018ec       0x10 build/system_stm32f2xx.o
                0x00000000080018ec                AHBPrescTable
 .rodata.APBPrescTable
                0x00000000080018fc        0x8 build/system_stm32f2xx.o
                0x00000000080018fc                APBPrescTable
                0x0000000008001904                . = ALIGN (0x4)

.ARM.extab
 *(.ARM.extab* .gnu.linkonce.armextab.*)

.ARM            0x0000000008001904        0x8
                0x0000000008001904                __exidx_start = .
 *(.ARM.exidx*)
 .ARM.exidx     0x0000000008001904        0x8 /home/nikita/software/gcc-arm-none-eabi-7-2018-q2-update/bin/../lib/gcc/arm-none-eabi/7.3.1/thumb/v7-m/libgcc.a(_udivmoddi4.o)
                0x000000000800190c                __exidx_end = .

.rel.dyn        0x000000000800190c        0x0
 .rel.iplt      0x000000000800190c        0x0 /home/nikita/software/gcc-arm-none-eabi-7-2018-q2-update/bin/../lib/gcc/arm-none-eabi/7.3.1/thumb/v7-m/crtbegin.o

.preinit_array  0x000000000800190c        0x0
                0x000000000800190c                PROVIDE (__preinit_array_start = .)
 *(.preinit_array*)
                0x000000000800190c                PROVIDE (__preinit_array_end = .)

.init_array     0x000000000800190c        0x4
                0x000000000800190c                PROVIDE (__init_array_start = .)
 *(SORT_BY_NAME(.init_array.*))
 *(.init_array*)
 .init_array    0x000000000800190c        0x4 /home/nikita/software/gcc-arm-none-eabi-7-2018-q2-update/bin/../lib/gcc/arm-none-eabi/7.3.1/thumb/v7-m/crtbegin.o
                0x0000000008001910                PROVIDE (__init_array_end = .)

.fini_array     0x0000000008001910        0x4
                [!provide]                        PROVIDE (__fini_array_start = .)
 *(SORT_BY_NAME(.fini_array.*))
 *(.fini_array*)
 .fini_array    0x0000000008001910        0x4 /home/nikita/software/gcc-arm-none-eabi-7-2018-q2-update/bin/../lib/gcc/arm-none-eabi/7.3.1/thumb/v7-m/crtbegin.o
                [!provide]                        PROVIDE (__fini_array_end = .)
                0x0000000008001914                _sidata = LOADADDR (.data)

.data           0x0000000020000000        0x4 load address 0x0000000008001914
                0x0000000020000000                . = ALIGN (0x4)
                0x0000000020000000                _sdata = .
 *(.data)
 *(.data*)
 .data.SystemCoreClock
                0x0000000020000000        0x4 build/system_stm32f2xx.o
                0x0000000020000000                SystemCoreClock
                0x0000000020000004                . = ALIGN (0x4)
                0x0000000020000004                _edata = .

.igot.plt       0x0000000020000004        0x0 load address 0x0000000008001918
 .igot.plt      0x0000000020000004        0x0 /home/nikita/software/gcc-arm-none-eabi-7-2018-q2-update/bin/../lib/gcc/arm-none-eabi/7.3.1/thumb/v7-m/crtbegin.o
                0x0000000020000004                . = ALIGN (0x4)

.bss            0x0000000020000004       0xa8 load address 0x0000000008001918
                0x0000000020000004                _sbss = .
                0x0000000020000004                __bss_start__ = _sbss
 *(.bss)
 .bss           0x0000000020000004       0x1c /home/nikita/software/gcc-arm-none-eabi-7-2018-q2-update/bin/../lib/gcc/arm-none-eabi/7.3.1/thumb/v7-m/crtbegin.o
 *(.bss*)
 *(COMMON)
 COMMON         0x0000000020000020       0x88 build/main.o
                0x0000000020000020                hadc1
                0x0000000020000068                huart1
 COMMON         0x00000000200000a8        0x4 build/stm32f2xx_hal.o
                0x00000000200000a8                uwTick
                0x00000000200000ac                . = ALIGN (0x4)
                0x00000000200000ac                _ebss = .
                0x00000000200000ac                __bss_end__ = _ebss

._user_heap_stack
                0x00000000200000ac      0x604 load address 0x0000000008001918
                0x00000000200000b0                . = ALIGN (0x8)
 *fill*         0x00000000200000ac        0x4 
                [!provide]                        PROVIDE (end = .)
                [!provide]                        PROVIDE (_end = .)
                0x00000000200002b0                . = (. + _Min_Heap_Size)
 *fill*         0x00000000200000b0      0x200 
                0x00000000200006b0                . = (. + _Min_Stack_Size)
 *fill*         0x00000000200002b0      0x400 
                0x00000000200006b0                . = ALIGN (0x8)

/DISCARD/
 libc.a(*)
 libm.a(*)
 libgcc.a(*)

.ARM.attributes
                0x0000000000000000       0x29
 *(.ARM.attributes)
 .ARM.attributes
                0x0000000000000000       0x1d /home/nikita/software/gcc-arm-none-eabi-7-2018-q2-update/bin/../lib/gcc/arm-none-eabi/7.3.1/thumb/v7-m/crti.o
 .ARM.attributes
                0x000000000000001d       0x2d /home/nikita/software/gcc-arm-none-eabi-7-2018-q2-update/bin/../lib/gcc/arm-none-eabi/7.3.1/thumb/v7-m/crtbegin.o
 .ARM.attributes
                0x000000000000004a       0x33 build/main.o
 .ARM.attributes
                0x000000000000007d       0x33 build/stm32f2xx_it.o
 .ARM.attributes
                0x00000000000000b0       0x33 build/stm32f2xx_hal_msp.o
 .ARM.attributes
                0x00000000000000e3       0x33 build/stm32f2xx_hal_adc.o
 .ARM.attributes
                0x0000000000000116       0x33 build/stm32f2xx_hal_adc_ex.o
 .ARM.attributes
                0x0000000000000149       0x33 build/stm32f2xx_hal_uart.o
 .ARM.attributes
                0x000000000000017c       0x33 build/stm32f2xx_hal.o
 .ARM.attributes
                0x00000000000001af       0x33 build/stm32f2xx_hal_rcc.o
 .ARM.attributes
                0x00000000000001e2       0x33 build/stm32f2xx_hal_cortex.o
 .ARM.attributes
                0x0000000000000215       0x33 build/stm32f2xx_hal_gpio.o
 .ARM.attributes
                0x0000000000000248       0x33 build/print.o
 .ARM.attributes
                0x000000000000027b       0x33 build/debug.o
 .ARM.attributes
                0x00000000000002ae       0x33 build/system_stm32f2xx.o
 .ARM.attributes
                0x00000000000002e1       0x21 build/startup_stm32f205xx.o
 .ARM.attributes
                0x0000000000000302       0x2d /home/nikita/software/gcc-arm-none-eabi-7-2018-q2-update/bin/../lib/gcc/arm-none-eabi/7.3.1/../../../../arm-none-eabi/lib/thumb/v7-m/libc_nano.a(lib_a-init.o)
 .ARM.attributes
                0x000000000000032f       0x2d /home/nikita/software/gcc-arm-none-eabi-7-2018-q2-update/bin/../lib/gcc/arm-none-eabi/7.3.1/../../../../arm-none-eabi/lib/thumb/v7-m/libc_nano.a(lib_a-memset.o)
 .ARM.attributes
                0x000000000000035c       0x1d /home/nikita/software/gcc-arm-none-eabi-7-2018-q2-update/bin/../lib/gcc/arm-none-eabi/7.3.1/thumb/v7-m/libgcc.a(_aeabi_uldivmod.o)
 .ARM.attributes
                0x0000000000000379       0x2d /home/nikita/software/gcc-arm-none-eabi-7-2018-q2-update/bin/../lib/gcc/arm-none-eabi/7.3.1/thumb/v7-m/libgcc.a(_udivmoddi4.o)
 .ARM.attributes
                0x00000000000003a6       0x1d /home/nikita/software/gcc-arm-none-eabi-7-2018-q2-update/bin/../lib/gcc/arm-none-eabi/7.3.1/thumb/v7-m/libgcc.a(_dvmd_tls.o)
 .ARM.attributes
                0x00000000000003c3       0x1d /home/nikita/software/gcc-arm-none-eabi-7-2018-q2-update/bin/../lib/gcc/arm-none-eabi/7.3.1/thumb/v7-m/crtn.o
OUTPUT(build/swk_adc_test.elf elf32-littlearm)

.debug_info     0x0000000000000000    0x1110b
 .debug_info    0x0000000000000000     0x1e3d build/main.o
 .debug_info    0x0000000000001e3d     0x104c build/stm32f2xx_it.o
 .debug_info    0x0000000000002e89     0x19aa build/stm32f2xx_hal_msp.o
 .debug_info    0x0000000000004833     0x17f2 build/stm32f2xx_hal_adc.o
 .debug_info    0x0000000000006025     0x1575 build/stm32f2xx_hal_adc_ex.o
 .debug_info    0x000000000000759a     0x2172 build/stm32f2xx_hal_uart.o
 .debug_info    0x000000000000970c     0x1321 build/stm32f2xx_hal.o
 .debug_info    0x000000000000aa2d     0x16a8 build/stm32f2xx_hal_rcc.o
 .debug_info    0x000000000000c0d5     0x1903 build/stm32f2xx_hal_cortex.o
 .debug_info    0x000000000000d9d8     0x110f build/stm32f2xx_hal_gpio.o
 .debug_info    0x000000000000eae7      0xcb9 build/print.o
 .debug_info    0x000000000000f7a0      0xac7 build/debug.o
 .debug_info    0x0000000000010267      0xe82 build/system_stm32f2xx.o
 .debug_info    0x00000000000110e9       0x22 build/startup_stm32f205xx.o

.debug_abbrev   0x0000000000000000     0x2446
 .debug_abbrev  0x0000000000000000      0x2ee build/main.o
 .debug_abbrev  0x00000000000002ee      0x204 build/stm32f2xx_it.o
 .debug_abbrev  0x00000000000004f2      0x237 build/stm32f2xx_hal_msp.o
 .debug_abbrev  0x0000000000000729      0x346 build/stm32f2xx_hal_adc.o
 .debug_abbrev  0x0000000000000a6f      0x2fb build/stm32f2xx_hal_adc_ex.o
 .debug_abbrev  0x0000000000000d6a      0x375 build/stm32f2xx_hal_uart.o
 .debug_abbrev  0x00000000000010df      0x345 build/stm32f2xx_hal.o
 .debug_abbrev  0x0000000000001424      0x363 build/stm32f2xx_hal_rcc.o
 .debug_abbrev  0x0000000000001787      0x3dc build/stm32f2xx_hal_cortex.o
 .debug_abbrev  0x0000000000001b63      0x2be build/stm32f2xx_hal_gpio.o
 .debug_abbrev  0x0000000000001e21      0x27d build/print.o
 .debug_abbrev  0x000000000000209e      0x1b0 build/debug.o
 .debug_abbrev  0x000000000000224e      0x1e6 build/system_stm32f2xx.o
 .debug_abbrev  0x0000000000002434       0x12 build/startup_stm32f205xx.o

.debug_loc      0x0000000000000000     0x4bb5
 .debug_loc     0x0000000000000000      0x1a6 build/main.o
 .debug_loc     0x00000000000001a6       0x40 build/stm32f2xx_it.o
 .debug_loc     0x00000000000001e6      0x19e build/stm32f2xx_hal_msp.o
 .debug_loc     0x0000000000000384      0xb16 build/stm32f2xx_hal_adc.o
 .debug_loc     0x0000000000000e9a      0xa06 build/stm32f2xx_hal_adc_ex.o
 .debug_loc     0x00000000000018a0     0x1a3f build/stm32f2xx_hal_uart.o
 .debug_loc     0x00000000000032df      0x129 build/stm32f2xx_hal.o
 .debug_loc     0x0000000000003408      0x681 build/stm32f2xx_hal_rcc.o
 .debug_loc     0x0000000000003a89      0x65e build/stm32f2xx_hal_cortex.o
 .debug_loc     0x00000000000040e7      0x531 build/stm32f2xx_hal_gpio.o
 .debug_loc     0x0000000000004618      0x45f build/print.o
 .debug_loc     0x0000000000004a77      0x13e build/system_stm32f2xx.o

.debug_aranges  0x0000000000000000      0x730
 .debug_aranges
                0x0000000000000000       0x40 build/main.o
 .debug_aranges
                0x0000000000000040       0x68 build/stm32f2xx_it.o
 .debug_aranges
                0x00000000000000a8       0x40 build/stm32f2xx_hal_msp.o
 .debug_aranges
                0x00000000000000e8       0xe8 build/stm32f2xx_hal_adc.o
 .debug_aranges
                0x00000000000001d0       0x90 build/stm32f2xx_hal_adc_ex.o
 .debug_aranges
                0x0000000000000260      0x1d0 build/stm32f2xx_hal_uart.o
 .debug_aranges
                0x0000000000000430       0xc8 build/stm32f2xx_hal.o
 .debug_aranges
                0x00000000000004f8       0x88 build/stm32f2xx_hal_rcc.o
 .debug_aranges
                0x0000000000000580       0xa8 build/stm32f2xx_hal_cortex.o
 .debug_aranges
                0x0000000000000628       0x58 build/stm32f2xx_hal_gpio.o
 .debug_aranges
                0x0000000000000680       0x40 build/print.o
 .debug_aranges
                0x00000000000006c0       0x20 build/debug.o
 .debug_aranges
                0x00000000000006e0       0x28 build/system_stm32f2xx.o
 .debug_aranges
                0x0000000000000708       0x28 build/startup_stm32f205xx.o

.debug_ranges   0x0000000000000000      0x6b8
 .debug_ranges  0x0000000000000000       0x30 build/main.o
 .debug_ranges  0x0000000000000030       0x58 build/stm32f2xx_it.o
 .debug_ranges  0x0000000000000088       0x30 build/stm32f2xx_hal_msp.o
 .debug_ranges  0x00000000000000b8       0xd8 build/stm32f2xx_hal_adc.o
 .debug_ranges  0x0000000000000190       0x80 build/stm32f2xx_hal_adc_ex.o
 .debug_ranges  0x0000000000000210      0x1c0 build/stm32f2xx_hal_uart.o
 .debug_ranges  0x00000000000003d0       0xb8 build/stm32f2xx_hal.o
 .debug_ranges  0x0000000000000488       0x78 build/stm32f2xx_hal_rcc.o
 .debug_ranges  0x0000000000000500       0xf8 build/stm32f2xx_hal_cortex.o
 .debug_ranges  0x00000000000005f8       0x48 build/stm32f2xx_hal_gpio.o
 .debug_ranges  0x0000000000000640       0x30 build/print.o
 .debug_ranges  0x0000000000000670       0x10 build/debug.o
 .debug_ranges  0x0000000000000680       0x18 build/system_stm32f2xx.o
 .debug_ranges  0x0000000000000698       0x20 build/startup_stm32f205xx.o

.debug_line     0x0000000000000000     0x3d9c
 .debug_line    0x0000000000000000      0x3fd build/main.o
 .debug_line    0x00000000000003fd      0x338 build/stm32f2xx_it.o
 .debug_line    0x0000000000000735      0x33b build/stm32f2xx_hal_msp.o
 .debug_line    0x0000000000000a70      0x759 build/stm32f2xx_hal_adc.o
 .debug_line    0x00000000000011c9      0x604 build/stm32f2xx_hal_adc_ex.o
 .debug_line    0x00000000000017cd      0xbc2 build/stm32f2xx_hal_uart.o
 .debug_line    0x000000000000238f      0x440 build/stm32f2xx_hal.o
 .debug_line    0x00000000000027cf      0x5a5 build/stm32f2xx_hal_rcc.o
 .debug_line    0x0000000000002d74      0x4b3 build/stm32f2xx_hal_cortex.o
 .debug_line    0x0000000000003227      0x40b build/stm32f2xx_hal_gpio.o
 .debug_line    0x0000000000003632      0x29e build/print.o
 .debug_line    0x00000000000038d0      0x213 build/debug.o
 .debug_line    0x0000000000003ae3      0x245 build/system_stm32f2xx.o
 .debug_line    0x0000000000003d28       0x74 build/startup_stm32f205xx.o

.debug_str      0x0000000000000000     0x28bc
 .debug_str     0x0000000000000000     0x1328 build/main.o
                                       0x140c (size before relaxing)
 .debug_str     0x0000000000001328       0xd9 build/stm32f2xx_it.o
                                        0xa37 (size before relaxing)
 .debug_str     0x0000000000001401       0xc9 build/stm32f2xx_hal_msp.o
                                       0x1227 (size before relaxing)
 .debug_str     0x00000000000014ca      0x30a build/stm32f2xx_hal_adc.o
                                        0xd2e (size before relaxing)
 .debug_str     0x00000000000017d4      0x2dc build/stm32f2xx_hal_adc_ex.o
                                        0xd7d (size before relaxing)
 .debug_str     0x0000000000001ab0      0x556 build/stm32f2xx_hal_uart.o
                                        0xfe1 (size before relaxing)
 .debug_str     0x0000000000002006      0x213 build/stm32f2xx_hal.o
                                        0xe69 (size before relaxing)
 .debug_str     0x0000000000002219      0x14b build/stm32f2xx_hal_rcc.o
                                        0xa9c (size before relaxing)
 .debug_str     0x0000000000002364      0x366 build/stm32f2xx_hal_cortex.o
                                        0xfe9 (size before relaxing)
 .debug_str     0x00000000000026ca      0x125 build/stm32f2xx_hal_gpio.o
                                        0x8d5 (size before relaxing)
 .debug_str     0x00000000000027ef       0x52 build/print.o
                                        0x603 (size before relaxing)
 .debug_str     0x0000000000002841       0x15 build/debug.o
                                        0x5c7 (size before relaxing)
 .debug_str     0x0000000000002856       0x42 build/system_stm32f2xx.o
                                        0x739 (size before relaxing)
 .debug_str     0x0000000000002898       0x24 build/startup_stm32f205xx.o
                                         0x42 (size before relaxing)

.comment        0x0000000000000000       0x7f
 .comment       0x0000000000000000       0x7f build/main.o
                                         0x80 (size before relaxing)
 .comment       0x000000000000007f       0x80 build/stm32f2xx_it.o
 .comment       0x000000000000007f       0x80 build/stm32f2xx_hal_msp.o
 .comment       0x000000000000007f       0x80 build/stm32f2xx_hal_adc.o
 .comment       0x000000000000007f       0x80 build/stm32f2xx_hal_adc_ex.o
 .comment       0x000000000000007f       0x80 build/stm32f2xx_hal_uart.o
 .comment       0x000000000000007f       0x80 build/stm32f2xx_hal.o
 .comment       0x000000000000007f       0x80 build/stm32f2xx_hal_rcc.o
 .comment       0x000000000000007f       0x80 build/stm32f2xx_hal_cortex.o
 .comment       0x000000000000007f       0x80 build/stm32f2xx_hal_gpio.o
 .comment       0x000000000000007f       0x80 build/print.o
 .comment       0x000000000000007f       0x80 build/debug.o
 .comment       0x000000000000007f       0x80 build/system_stm32f2xx.o

.debug_frame    0x0000000000000000     0x1388
 .debug_frame   0x0000000000000000       0xa8 build/main.o
 .debug_frame   0x00000000000000a8       0xc8 build/stm32f2xx_it.o
 .debug_frame   0x0000000000000170       0xa4 build/stm32f2xx_hal_msp.o
 .debug_frame   0x0000000000000214      0x2b8 build/stm32f2xx_hal_adc.o
 .debug_frame   0x00000000000004cc      0x1a4 build/stm32f2xx_hal_adc_ex.o
 .debug_frame   0x0000000000000670      0x57c build/stm32f2xx_hal_uart.o
 .debug_frame   0x0000000000000bec      0x1a8 build/stm32f2xx_hal.o
 .debug_frame   0x0000000000000d94      0x1cc build/stm32f2xx_hal_rcc.o
 .debug_frame   0x0000000000000f60      0x16c build/stm32f2xx_hal_cortex.o
 .debug_frame   0x00000000000010cc       0xec build/stm32f2xx_hal_gpio.o
 .debug_frame   0x00000000000011b8       0xd4 build/print.o
 .debug_frame   0x000000000000128c       0x20 build/debug.o
 .debug_frame   0x00000000000012ac       0x30 build/system_stm32f2xx.o
 .debug_frame   0x00000000000012dc       0x2c /home/nikita/software/gcc-arm-none-eabi-7-2018-q2-update/bin/../lib/gcc/arm-none-eabi/7.3.1/../../../../arm-none-eabi/lib/thumb/v7-m/libc_nano.a(lib_a-init.o)
 .debug_frame   0x0000000000001308       0x20 /home/nikita/software/gcc-arm-none-eabi-7-2018-q2-update/bin/../lib/gcc/arm-none-eabi/7.3.1/../../../../arm-none-eabi/lib/thumb/v7-m/libc_nano.a(lib_a-memset.o)
 .debug_frame   0x0000000000001328       0x2c /home/nikita/software/gcc-arm-none-eabi-7-2018-q2-update/bin/../lib/gcc/arm-none-eabi/7.3.1/thumb/v7-m/libgcc.a(_aeabi_uldivmod.o)
 .debug_frame   0x0000000000001354       0x34 /home/nikita/software/gcc-arm-none-eabi-7-2018-q2-update/bin/../lib/gcc/arm-none-eabi/7.3.1/thumb/v7-m/libgcc.a(_udivmoddi4.o)

Cross Reference Table

Symbol                                            File
ADC_IRQHandler                                    build/stm32f2xx_it.o
AHBPrescTable                                     build/system_stm32f2xx.o
                                                  build/stm32f2xx_hal_rcc.o
APBPrescTable                                     build/system_stm32f2xx.o
                                                  build/stm32f2xx_hal_rcc.o
BusFault_Handler                                  build/stm32f2xx_it.o
CAN1_RX0_IRQHandler                               build/startup_stm32f205xx.o
CAN1_RX1_IRQHandler                               build/startup_stm32f205xx.o
CAN1_SCE_IRQHandler                               build/startup_stm32f205xx.o
CAN1_TX_IRQHandler                                build/startup_stm32f205xx.o
CAN2_RX0_IRQHandler                               build/startup_stm32f205xx.o
CAN2_RX1_IRQHandler                               build/startup_stm32f205xx.o
CAN2_SCE_IRQHandler                               build/startup_stm32f205xx.o
CAN2_TX_IRQHandler                                build/startup_stm32f205xx.o
DMA1_Stream0_IRQHandler                           build/startup_stm32f205xx.o
DMA1_Stream1_IRQHandler                           build/startup_stm32f205xx.o
DMA1_Stream2_IRQHandler                           build/startup_stm32f205xx.o
DMA1_Stream3_IRQHandler                           build/startup_stm32f205xx.o
DMA1_Stream4_IRQHandler                           build/startup_stm32f205xx.o
DMA1_Stream5_IRQHandler                           build/startup_stm32f205xx.o
DMA1_Stream6_IRQHandler                           build/startup_stm32f205xx.o
DMA1_Stream7_IRQHandler                           build/startup_stm32f205xx.o
DMA2_Stream0_IRQHandler                           build/startup_stm32f205xx.o
DMA2_Stream1_IRQHandler                           build/startup_stm32f205xx.o
DMA2_Stream2_IRQHandler                           build/startup_stm32f205xx.o
DMA2_Stream3_IRQHandler                           build/startup_stm32f205xx.o
DMA2_Stream4_IRQHandler                           build/startup_stm32f205xx.o
DMA2_Stream5_IRQHandler                           build/startup_stm32f205xx.o
DMA2_Stream6_IRQHandler                           build/startup_stm32f205xx.o
DMA2_Stream7_IRQHandler                           build/startup_stm32f205xx.o
DebugMon_Handler                                  build/stm32f2xx_it.o
Default_Handler                                   build/startup_stm32f205xx.o
EXTI0_IRQHandler                                  build/startup_stm32f205xx.o
EXTI15_10_IRQHandler                              build/startup_stm32f205xx.o
EXTI1_IRQHandler                                  build/startup_stm32f205xx.o
EXTI2_IRQHandler                                  build/startup_stm32f205xx.o
EXTI3_IRQHandler                                  build/startup_stm32f205xx.o
EXTI4_IRQHandler                                  build/startup_stm32f205xx.o
EXTI9_5_IRQHandler                                build/startup_stm32f205xx.o
FLASH_Erase_Sector                                build/stm32f2xx_hal_flash_ex.o
                                                  build/stm32f2xx_hal_flash.o
FLASH_FlushCaches                                 build/stm32f2xx_hal_flash_ex.o
                                                  build/stm32f2xx_hal_flash.o
FLASH_IRQHandler                                  build/startup_stm32f205xx.o
FLASH_WaitForLastOperation                        build/stm32f2xx_hal_flash.o
                                                  build/stm32f2xx_hal_flash_ex.o
FSMC_IRQHandler                                   build/startup_stm32f205xx.o
HAL_ADCEx_InjectedConfigChannel                   build/stm32f2xx_hal_adc_ex.o
HAL_ADCEx_InjectedConvCpltCallback                build/stm32f2xx_hal_adc_ex.o
                                                  build/stm32f2xx_hal_adc.o
HAL_ADCEx_InjectedGetValue                        build/stm32f2xx_hal_adc_ex.o
HAL_ADCEx_InjectedPollForConversion               build/stm32f2xx_hal_adc_ex.o
HAL_ADCEx_InjectedStart                           build/stm32f2xx_hal_adc_ex.o
HAL_ADCEx_InjectedStart_IT                        build/stm32f2xx_hal_adc_ex.o
HAL_ADCEx_InjectedStop                            build/stm32f2xx_hal_adc_ex.o
HAL_ADCEx_InjectedStop_IT                         build/stm32f2xx_hal_adc_ex.o
HAL_ADCEx_MultiModeConfigChannel                  build/stm32f2xx_hal_adc_ex.o
HAL_ADCEx_MultiModeGetValue                       build/stm32f2xx_hal_adc_ex.o
HAL_ADCEx_MultiModeStart_DMA                      build/stm32f2xx_hal_adc_ex.o
HAL_ADCEx_MultiModeStop_DMA                       build/stm32f2xx_hal_adc_ex.o
HAL_ADC_AnalogWDGConfig                           build/stm32f2xx_hal_adc.o
HAL_ADC_ConfigChannel                             build/stm32f2xx_hal_adc.o
HAL_ADC_ConvCpltCallback                          build/stm32f2xx_hal_adc.o
                                                  build/stm32f2xx_hal_adc_ex.o
HAL_ADC_ConvHalfCpltCallback                      build/stm32f2xx_hal_adc.o
                                                  build/stm32f2xx_hal_adc_ex.o
HAL_ADC_DeInit                                    build/stm32f2xx_hal_adc.o
HAL_ADC_ErrorCallback                             build/stm32f2xx_hal_adc.o
                                                  build/stm32f2xx_hal_adc_ex.o
HAL_ADC_GetError                                  build/stm32f2xx_hal_adc.o
HAL_ADC_GetState                                  build/stm32f2xx_hal_adc.o
HAL_ADC_GetValue                                  build/stm32f2xx_hal_adc.o
HAL_ADC_IRQHandler                                build/stm32f2xx_hal_adc.o
                                                  build/stm32f2xx_it.o
HAL_ADC_Init                                      build/stm32f2xx_hal_adc.o
HAL_ADC_LevelOutOfWindowCallback                  build/stm32f2xx_hal_adc.o
HAL_ADC_MspDeInit                                 build/stm32f2xx_hal_msp.o
HAL_ADC_MspInit                                   build/stm32f2xx_hal_msp.o
HAL_ADC_PollForConversion                         build/stm32f2xx_hal_adc.o
HAL_ADC_PollForEvent                              build/stm32f2xx_hal_adc.o
HAL_ADC_Start                                     build/stm32f2xx_hal_adc.o
HAL_ADC_Start_DMA                                 build/stm32f2xx_hal_adc.o
HAL_ADC_Start_IT                                  build/stm32f2xx_hal_adc.o
HAL_ADC_Stop                                      build/stm32f2xx_hal_adc.o
HAL_ADC_Stop_DMA                                  build/stm32f2xx_hal_adc.o
HAL_ADC_Stop_IT                                   build/stm32f2xx_hal_adc.o
HAL_DBGMCU_DisableDBGSleepMode                    build/stm32f2xx_hal.o
HAL_DBGMCU_DisableDBGStandbyMode                  build/stm32f2xx_hal.o
HAL_DBGMCU_DisableDBGStopMode                     build/stm32f2xx_hal.o
HAL_DBGMCU_EnableDBGSleepMode                     build/stm32f2xx_hal.o
HAL_DBGMCU_EnableDBGStandbyMode                   build/stm32f2xx_hal.o
HAL_DBGMCU_EnableDBGStopMode                      build/stm32f2xx_hal.o
HAL_DMAEx_ChangeMemory                            build/stm32f2xx_hal_dma_ex.o
HAL_DMAEx_MultiBufferStart                        build/stm32f2xx_hal_dma_ex.o
HAL_DMAEx_MultiBufferStart_IT                     build/stm32f2xx_hal_dma_ex.o
HAL_DMA_Abort                                     build/stm32f2xx_hal_dma.o
                                                  build/stm32f2xx_hal_uart.o
                                                  build/stm32f2xx_hal_adc_ex.o
                                                  build/stm32f2xx_hal_adc.o
HAL_DMA_Abort_IT                                  build/stm32f2xx_hal_dma.o
                                                  build/stm32f2xx_hal_uart.o
HAL_DMA_DeInit                                    build/stm32f2xx_hal_dma.o
HAL_DMA_GetError                                  build/stm32f2xx_hal_dma.o
HAL_DMA_GetState                                  build/stm32f2xx_hal_dma.o
HAL_DMA_IRQHandler                                build/stm32f2xx_hal_dma.o
HAL_DMA_Init                                      build/stm32f2xx_hal_dma.o
HAL_DMA_PollForTransfer                           build/stm32f2xx_hal_dma.o
HAL_DMA_RegisterCallback                          build/stm32f2xx_hal_dma.o
HAL_DMA_Start                                     build/stm32f2xx_hal_dma.o
HAL_DMA_Start_IT                                  build/stm32f2xx_hal_dma.o
                                                  build/stm32f2xx_hal_uart.o
                                                  build/stm32f2xx_hal_adc_ex.o
                                                  build/stm32f2xx_hal_adc.o
HAL_DMA_UnRegisterCallback                        build/stm32f2xx_hal_dma.o
HAL_DeInit                                        build/stm32f2xx_hal.o
HAL_Delay                                         build/stm32f2xx_hal.o
                                                  build/main.o
HAL_DisableCompensationCell                       build/stm32f2xx_hal.o
HAL_EnableCompensationCell                        build/stm32f2xx_hal.o
HAL_FLASHEx_Erase                                 build/stm32f2xx_hal_flash_ex.o
HAL_FLASHEx_Erase_IT                              build/stm32f2xx_hal_flash_ex.o
HAL_FLASHEx_OBGetConfig                           build/stm32f2xx_hal_flash_ex.o
HAL_FLASHEx_OBProgram                             build/stm32f2xx_hal_flash_ex.o
HAL_FLASH_EndOfOperationCallback                  build/stm32f2xx_hal_flash.o
HAL_FLASH_GetError                                build/stm32f2xx_hal_flash.o
HAL_FLASH_IRQHandler                              build/stm32f2xx_hal_flash.o
HAL_FLASH_Lock                                    build/stm32f2xx_hal_flash.o
HAL_FLASH_OB_Launch                               build/stm32f2xx_hal_flash.o
HAL_FLASH_OB_Lock                                 build/stm32f2xx_hal_flash.o
HAL_FLASH_OB_Unlock                               build/stm32f2xx_hal_flash.o
HAL_FLASH_OperationErrorCallback                  build/stm32f2xx_hal_flash.o
HAL_FLASH_Program                                 build/stm32f2xx_hal_flash.o
HAL_FLASH_Program_IT                              build/stm32f2xx_hal_flash.o
HAL_FLASH_Unlock                                  build/stm32f2xx_hal_flash.o
HAL_GPIO_DeInit                                   build/stm32f2xx_hal_gpio.o
                                                  build/stm32f2xx_hal_msp.o
HAL_GPIO_EXTI_Callback                            build/stm32f2xx_hal_gpio.o
HAL_GPIO_EXTI_IRQHandler                          build/stm32f2xx_hal_gpio.o
HAL_GPIO_Init                                     build/stm32f2xx_hal_gpio.o
                                                  build/stm32f2xx_hal_rcc.o
                                                  build/stm32f2xx_hal_msp.o
                                                  build/main.o
HAL_GPIO_LockPin                                  build/stm32f2xx_hal_gpio.o
HAL_GPIO_ReadPin                                  build/stm32f2xx_hal_gpio.o
HAL_GPIO_TogglePin                                build/stm32f2xx_hal_gpio.o
HAL_GPIO_WritePin                                 build/stm32f2xx_hal_gpio.o
                                                  build/main.o
HAL_GetDEVID                                      build/stm32f2xx_hal.o
HAL_GetHalVersion                                 build/stm32f2xx_hal.o
HAL_GetREVID                                      build/stm32f2xx_hal.o
HAL_GetTick                                       build/stm32f2xx_hal.o
                                                  build/stm32f2xx_hal_dma.o
                                                  build/stm32f2xx_hal_pwr_ex.o
                                                  build/stm32f2xx_hal_flash.o
                                                  build/stm32f2xx_hal_rcc_ex.o
                                                  build/stm32f2xx_hal_rcc.o
                                                  build/stm32f2xx_hal_uart.o
                                                  build/stm32f2xx_hal_adc_ex.o
                                                  build/stm32f2xx_hal_adc.o
HAL_GetUID                                        build/stm32f2xx_hal.o
HAL_HalfDuplex_EnableReceiver                     build/stm32f2xx_hal_uart.o
HAL_HalfDuplex_EnableTransmitter                  build/stm32f2xx_hal_uart.o
HAL_HalfDuplex_Init                               build/stm32f2xx_hal_uart.o
HAL_IncTick                                       build/stm32f2xx_hal.o
                                                  build/stm32f2xx_it.o
HAL_Init                                          build/stm32f2xx_hal.o
                                                  build/main.o
HAL_InitTick                                      build/stm32f2xx_hal.o
                                                  build/stm32f2xx_hal_rcc.o
HAL_LIN_Init                                      build/stm32f2xx_hal_uart.o
HAL_LIN_SendBreak                                 build/stm32f2xx_hal_uart.o
HAL_MPU_ConfigRegion                              build/stm32f2xx_hal_cortex.o
HAL_MPU_Disable                                   build/stm32f2xx_hal_cortex.o
HAL_MPU_Enable                                    build/stm32f2xx_hal_cortex.o
HAL_MspDeInit                                     build/stm32f2xx_hal.o
HAL_MspInit                                       build/stm32f2xx_hal_msp.o
HAL_MultiProcessor_EnterMuteMode                  build/stm32f2xx_hal_uart.o
HAL_MultiProcessor_ExitMuteMode                   build/stm32f2xx_hal_uart.o
HAL_MultiProcessor_Init                           build/stm32f2xx_hal_uart.o
HAL_NVIC_ClearPendingIRQ                          build/stm32f2xx_hal_cortex.o
HAL_NVIC_DisableIRQ                               build/stm32f2xx_hal_cortex.o
                                                  build/stm32f2xx_hal_msp.o
HAL_NVIC_EnableIRQ                                build/stm32f2xx_hal_cortex.o
                                                  build/stm32f2xx_hal_msp.o
HAL_NVIC_GetActive                                build/stm32f2xx_hal_cortex.o
HAL_NVIC_GetPendingIRQ                            build/stm32f2xx_hal_cortex.o
HAL_NVIC_GetPriority                              build/stm32f2xx_hal_cortex.o
HAL_NVIC_GetPriorityGrouping                      build/stm32f2xx_hal_cortex.o
HAL_NVIC_SetPendingIRQ                            build/stm32f2xx_hal_cortex.o
HAL_NVIC_SetPriority                              build/stm32f2xx_hal_cortex.o
                                                  build/stm32f2xx_hal.o
                                                  build/stm32f2xx_hal_msp.o
                                                  build/main.o
HAL_NVIC_SetPriorityGrouping                      build/stm32f2xx_hal_cortex.o
                                                  build/stm32f2xx_hal.o
                                                  build/stm32f2xx_hal_msp.o
HAL_NVIC_SystemReset                              build/stm32f2xx_hal_cortex.o
HAL_PWREx_DisableBkUpReg                          build/stm32f2xx_hal_pwr_ex.o
HAL_PWREx_DisableFlashPowerDown                   build/stm32f2xx_hal_pwr_ex.o
HAL_PWREx_EnableBkUpReg                           build/stm32f2xx_hal_pwr_ex.o
HAL_PWREx_EnableFlashPowerDown                    build/stm32f2xx_hal_pwr_ex.o
HAL_PWR_ConfigPVD                                 build/stm32f2xx_hal_pwr.o
HAL_PWR_DeInit                                    build/stm32f2xx_hal_pwr.o
HAL_PWR_DisableBkUpAccess                         build/stm32f2xx_hal_pwr.o
HAL_PWR_DisablePVD                                build/stm32f2xx_hal_pwr.o
HAL_PWR_DisableSEVOnPend                          build/stm32f2xx_hal_pwr.o
HAL_PWR_DisableSleepOnExit                        build/stm32f2xx_hal_pwr.o
HAL_PWR_DisableWakeUpPin                          build/stm32f2xx_hal_pwr.o
HAL_PWR_EnableBkUpAccess                          build/stm32f2xx_hal_pwr.o
HAL_PWR_EnablePVD                                 build/stm32f2xx_hal_pwr.o
HAL_PWR_EnableSEVOnPend                           build/stm32f2xx_hal_pwr.o
HAL_PWR_EnableSleepOnExit                         build/stm32f2xx_hal_pwr.o
HAL_PWR_EnableWakeUpPin                           build/stm32f2xx_hal_pwr.o
HAL_PWR_EnterSLEEPMode                            build/stm32f2xx_hal_pwr.o
HAL_PWR_EnterSTANDBYMode                          build/stm32f2xx_hal_pwr.o
HAL_PWR_EnterSTOPMode                             build/stm32f2xx_hal_pwr.o
HAL_PWR_PVDCallback                               build/stm32f2xx_hal_pwr.o
HAL_PWR_PVD_IRQHandler                            build/stm32f2xx_hal_pwr.o
HAL_RCCEx_GetPeriphCLKConfig                      build/stm32f2xx_hal_rcc_ex.o
HAL_RCCEx_PeriphCLKConfig                         build/stm32f2xx_hal_rcc_ex.o
HAL_RCC_CSSCallback                               build/stm32f2xx_hal_rcc.o
HAL_RCC_ClockConfig                               build/stm32f2xx_hal_rcc.o
                                                  build/main.o
HAL_RCC_DeInit                                    build/stm32f2xx_hal_rcc.o
HAL_RCC_DisableCSS                                build/stm32f2xx_hal_rcc.o
HAL_RCC_EnableCSS                                 build/stm32f2xx_hal_rcc.o
HAL_RCC_GetClockConfig                            build/stm32f2xx_hal_rcc.o
HAL_RCC_GetHCLKFreq                               build/stm32f2xx_hal_rcc.o
                                                  build/main.o
HAL_RCC_GetOscConfig                              build/stm32f2xx_hal_rcc.o
HAL_RCC_GetPCLK1Freq                              build/stm32f2xx_hal_rcc.o
                                                  build/stm32f2xx_hal_uart.o
HAL_RCC_GetPCLK2Freq                              build/stm32f2xx_hal_rcc.o
                                                  build/stm32f2xx_hal_uart.o
HAL_RCC_GetSysClockFreq                           build/stm32f2xx_hal_rcc.o
HAL_RCC_MCOConfig                                 build/stm32f2xx_hal_rcc.o
HAL_RCC_NMI_IRQHandler                            build/stm32f2xx_hal_rcc.o
HAL_RCC_OscConfig                                 build/stm32f2xx_hal_rcc.o
                                                  build/main.o
HAL_ResumeTick                                    build/stm32f2xx_hal.o
HAL_SYSTICK_CLKSourceConfig                       build/stm32f2xx_hal_cortex.o
                                                  build/main.o
HAL_SYSTICK_Callback                              build/stm32f2xx_hal_cortex.o
HAL_SYSTICK_Config                                build/stm32f2xx_hal_cortex.o
                                                  build/stm32f2xx_hal.o
                                                  build/main.o
HAL_SYSTICK_IRQHandler                            build/stm32f2xx_hal_cortex.o
                                                  build/stm32f2xx_it.o
HAL_SuspendTick                                   build/stm32f2xx_hal.o
HAL_UART_Abort                                    build/stm32f2xx_hal_uart.o
HAL_UART_AbortCpltCallback                        build/stm32f2xx_hal_uart.o
HAL_UART_AbortReceive                             build/stm32f2xx_hal_uart.o
HAL_UART_AbortReceiveCpltCallback                 build/stm32f2xx_hal_uart.o
HAL_UART_AbortReceive_IT                          build/stm32f2xx_hal_uart.o
HAL_UART_AbortTransmit                            build/stm32f2xx_hal_uart.o
HAL_UART_AbortTransmitCpltCallback                build/stm32f2xx_hal_uart.o
HAL_UART_AbortTransmit_IT                         build/stm32f2xx_hal_uart.o
HAL_UART_Abort_IT                                 build/stm32f2xx_hal_uart.o
HAL_UART_DMAPause                                 build/stm32f2xx_hal_uart.o
HAL_UART_DMAResume                                build/stm32f2xx_hal_uart.o
HAL_UART_DMAStop                                  build/stm32f2xx_hal_uart.o
HAL_UART_DeInit                                   build/stm32f2xx_hal_uart.o
HAL_UART_ErrorCallback                            build/stm32f2xx_hal_uart.o
HAL_UART_GetError                                 build/stm32f2xx_hal_uart.o
HAL_UART_GetState                                 build/stm32f2xx_hal_uart.o
HAL_UART_IRQHandler                               build/stm32f2xx_hal_uart.o
HAL_UART_Init                                     build/stm32f2xx_hal_uart.o
                                                  build/main.o
HAL_UART_MspDeInit                                build/stm32f2xx_hal_msp.o
HAL_UART_MspInit                                  build/stm32f2xx_hal_msp.o
HAL_UART_Receive                                  build/stm32f2xx_hal_uart.o
HAL_UART_Receive_DMA                              build/stm32f2xx_hal_uart.o
HAL_UART_Receive_IT                               build/stm32f2xx_hal_uart.o
HAL_UART_RxCpltCallback                           build/stm32f2xx_hal_uart.o
HAL_UART_RxHalfCpltCallback                       build/stm32f2xx_hal_uart.o
HAL_UART_Transmit                                 build/stm32f2xx_hal_uart.o
HAL_UART_Transmit_DMA                             build/stm32f2xx_hal_uart.o
HAL_UART_Transmit_IT                              build/stm32f2xx_hal_uart.o
HAL_UART_TxCpltCallback                           build/stm32f2xx_hal_uart.o
HAL_UART_TxHalfCpltCallback                       build/stm32f2xx_hal_uart.o
HASH_RNG_IRQHandler                               build/startup_stm32f205xx.o
HardFault_Handler                                 build/stm32f2xx_it.o
I2C1_ER_IRQHandler                                build/startup_stm32f205xx.o
I2C1_EV_IRQHandler                                build/startup_stm32f205xx.o
I2C2_ER_IRQHandler                                build/startup_stm32f205xx.o
I2C2_EV_IRQHandler                                build/startup_stm32f205xx.o
I2C3_ER_IRQHandler                                build/startup_stm32f205xx.o
I2C3_EV_IRQHandler                                build/startup_stm32f205xx.o
MemManage_Handler                                 build/stm32f2xx_it.o
NMI_Handler                                       build/stm32f2xx_it.o
OTG_FS_IRQHandler                                 build/startup_stm32f205xx.o
OTG_FS_WKUP_IRQHandler                            build/startup_stm32f205xx.o
OTG_HS_EP1_IN_IRQHandler                          build/startup_stm32f205xx.o
OTG_HS_EP1_OUT_IRQHandler                         build/startup_stm32f205xx.o
OTG_HS_IRQHandler                                 build/startup_stm32f205xx.o
OTG_HS_WKUP_IRQHandler                            build/startup_stm32f205xx.o
PVD_IRQHandler                                    build/startup_stm32f205xx.o
PendSV_Handler                                    build/stm32f2xx_it.o
RCC_IRQHandler                                    build/startup_stm32f205xx.o
RTC_Alarm_IRQHandler                              build/startup_stm32f205xx.o
RTC_WKUP_IRQHandler                               build/startup_stm32f205xx.o
Reset_Handler                                     build/startup_stm32f205xx.o
SDIO_IRQHandler                                   build/startup_stm32f205xx.o
SPI1_IRQHandler                                   build/startup_stm32f205xx.o
SPI2_IRQHandler                                   build/startup_stm32f205xx.o
SPI3_IRQHandler                                   build/startup_stm32f205xx.o
SVC_Handler                                       build/stm32f2xx_it.o
SysTick_Handler                                   build/stm32f2xx_it.o
SystemClock_Config                                build/main.o
SystemCoreClock                                   build/system_stm32f2xx.o
                                                  build/stm32f2xx_hal_dma.o
                                                  build/stm32f2xx_hal_rcc.o
                                                  build/stm32f2xx_hal.o
                                                  build/stm32f2xx_hal_adc_ex.o
                                                  build/stm32f2xx_hal_adc.o
SystemCoreClockUpdate                             build/system_stm32f2xx.o
SystemInit                                        build/system_stm32f2xx.o
                                                  build/startup_stm32f205xx.o
TAMP_STAMP_IRQHandler                             build/startup_stm32f205xx.o
TIM1_BRK_TIM9_IRQHandler                          build/startup_stm32f205xx.o
TIM1_CC_IRQHandler                                build/startup_stm32f205xx.o
TIM1_TRG_COM_TIM11_IRQHandler                     build/startup_stm32f205xx.o
TIM1_UP_TIM10_IRQHandler                          build/startup_stm32f205xx.o
TIM2_IRQHandler                                   build/startup_stm32f205xx.o
TIM3_IRQHandler                                   build/startup_stm32f205xx.o
TIM4_IRQHandler                                   build/startup_stm32f205xx.o
TIM5_IRQHandler                                   build/startup_stm32f205xx.o
TIM6_DAC_IRQHandler                               build/startup_stm32f205xx.o
TIM7_IRQHandler                                   build/startup_stm32f205xx.o
TIM8_BRK_TIM12_IRQHandler                         build/startup_stm32f205xx.o
TIM8_CC_IRQHandler                                build/startup_stm32f205xx.o
TIM8_TRG_COM_TIM14_IRQHandler                     build/startup_stm32f205xx.o
TIM8_UP_TIM13_IRQHandler                          build/startup_stm32f205xx.o
UART4_IRQHandler                                  build/startup_stm32f205xx.o
UART5_IRQHandler                                  build/startup_stm32f205xx.o
USART1_IRQHandler                                 build/startup_stm32f205xx.o
USART2_IRQHandler                                 build/startup_stm32f205xx.o
USART3_IRQHandler                                 build/startup_stm32f205xx.o
USART6_IRQHandler                                 build/startup_stm32f205xx.o
UsageFault_Handler                                build/stm32f2xx_it.o
WWDG_IRQHandler                                   build/startup_stm32f205xx.o
_Error_Handler                                    build/main.o
__aeabi_idiv0                                     /home/nikita/software/gcc-arm-none-eabi-7-2018-q2-update/bin/../lib/gcc/arm-none-eabi/7.3.1/thumb/v7-m/libgcc.a(_dvmd_tls.o)
__aeabi_ldiv0                                     /home/nikita/software/gcc-arm-none-eabi-7-2018-q2-update/bin/../lib/gcc/arm-none-eabi/7.3.1/thumb/v7-m/libgcc.a(_dvmd_tls.o)
                                                  /home/nikita/software/gcc-arm-none-eabi-7-2018-q2-update/bin/../lib/gcc/arm-none-eabi/7.3.1/thumb/v7-m/libgcc.a(_aeabi_uldivmod.o)
__aeabi_uldivmod                                  /home/nikita/software/gcc-arm-none-eabi-7-2018-q2-update/bin/../lib/gcc/arm-none-eabi/7.3.1/thumb/v7-m/libgcc.a(_aeabi_uldivmod.o)
                                                  build/stm32f2xx_hal_rcc.o
__bss_end__                                       /home/nikita/software/gcc-arm-none-eabi-7-2018-q2-update/bin/../lib/gcc/arm-none-eabi/7.3.1/../../../../arm-none-eabi/lib/thumb/v7-m/crt0.o
__bss_start__                                     /home/nikita/software/gcc-arm-none-eabi-7-2018-q2-update/bin/../lib/gcc/arm-none-eabi/7.3.1/../../../../arm-none-eabi/lib/thumb/v7-m/crt0.o
__call_exitprocs                                  /home/nikita/software/gcc-arm-none-eabi-7-2018-q2-update/bin/../lib/gcc/arm-none-eabi/7.3.1/../../../../arm-none-eabi/lib/thumb/v7-m/libc_nano.a(lib_a-exit.o)
__deregister_frame_info                           /home/nikita/software/gcc-arm-none-eabi-7-2018-q2-update/bin/../lib/gcc/arm-none-eabi/7.3.1/thumb/v7-m/crtbegin.o
__dso_handle                                      /home/nikita/software/gcc-arm-none-eabi-7-2018-q2-update/bin/../lib/gcc/arm-none-eabi/7.3.1/thumb/v7-m/crtbegin.o
__init_array_end                                  /home/nikita/software/gcc-arm-none-eabi-7-2018-q2-update/bin/../lib/gcc/arm-none-eabi/7.3.1/../../../../arm-none-eabi/lib/thumb/v7-m/libc_nano.a(lib_a-init.o)
__init_array_start                                /home/nikita/software/gcc-arm-none-eabi-7-2018-q2-update/bin/../lib/gcc/arm-none-eabi/7.3.1/../../../../arm-none-eabi/lib/thumb/v7-m/libc_nano.a(lib_a-init.o)
__libc_fini_array                                 /home/nikita/software/gcc-arm-none-eabi-7-2018-q2-update/bin/../lib/gcc/arm-none-eabi/7.3.1/../../../../arm-none-eabi/lib/thumb/v7-m/crt0.o
__libc_init_array                                 /home/nikita/software/gcc-arm-none-eabi-7-2018-q2-update/bin/../lib/gcc/arm-none-eabi/7.3.1/../../../../arm-none-eabi/lib/thumb/v7-m/libc_nano.a(lib_a-init.o)
                                                  build/startup_stm32f205xx.o
                                                  /home/nikita/software/gcc-arm-none-eabi-7-2018-q2-update/bin/../lib/gcc/arm-none-eabi/7.3.1/../../../../arm-none-eabi/lib/thumb/v7-m/crt0.o
__preinit_array_end                               /home/nikita/software/gcc-arm-none-eabi-7-2018-q2-update/bin/../lib/gcc/arm-none-eabi/7.3.1/../../../../arm-none-eabi/lib/thumb/v7-m/libc_nano.a(lib_a-init.o)
__preinit_array_start                             /home/nikita/software/gcc-arm-none-eabi-7-2018-q2-update/bin/../lib/gcc/arm-none-eabi/7.3.1/../../../../arm-none-eabi/lib/thumb/v7-m/libc_nano.a(lib_a-init.o)
__register_frame_info                             /home/nikita/software/gcc-arm-none-eabi-7-2018-q2-update/bin/../lib/gcc/arm-none-eabi/7.3.1/thumb/v7-m/crtbegin.o
__sf_fake_stderr                                  /home/nikita/software/gcc-arm-none-eabi-7-2018-q2-update/bin/../lib/gcc/arm-none-eabi/7.3.1/../../../../arm-none-eabi/lib/thumb/v7-m/libc_nano.a(lib_a-impure.o)
__sf_fake_stdin                                   /home/nikita/software/gcc-arm-none-eabi-7-2018-q2-update/bin/../lib/gcc/arm-none-eabi/7.3.1/../../../../arm-none-eabi/lib/thumb/v7-m/libc_nano.a(lib_a-impure.o)
__sf_fake_stdout                                  /home/nikita/software/gcc-arm-none-eabi-7-2018-q2-update/bin/../lib/gcc/arm-none-eabi/7.3.1/../../../../arm-none-eabi/lib/thumb/v7-m/libc_nano.a(lib_a-impure.o)
__stack                                           /home/nikita/software/gcc-arm-none-eabi-7-2018-q2-update/bin/../lib/gcc/arm-none-eabi/7.3.1/../../../../arm-none-eabi/lib/thumb/v7-m/crt0.o
__udivmoddi4                                      /home/nikita/software/gcc-arm-none-eabi-7-2018-q2-update/bin/../lib/gcc/arm-none-eabi/7.3.1/thumb/v7-m/libgcc.a(_udivmoddi4.o)
                                                  /home/nikita/software/gcc-arm-none-eabi-7-2018-q2-update/bin/../lib/gcc/arm-none-eabi/7.3.1/thumb/v7-m/libgcc.a(_aeabi_uldivmod.o)
_ebss                                             build/startup_stm32f205xx.o
_edata                                            build/startup_stm32f205xx.o
_estack                                           build/startup_stm32f205xx.o
_exit                                             /home/nikita/software/gcc-arm-none-eabi-7-2018-q2-update/bin/../lib/gcc/arm-none-eabi/7.3.1/../../../../arm-none-eabi/lib/thumb/v7-m/libnosys.a(_exit.o)
                                                  /home/nikita/software/gcc-arm-none-eabi-7-2018-q2-update/bin/../lib/gcc/arm-none-eabi/7.3.1/../../../../arm-none-eabi/lib/thumb/v7-m/libc_nano.a(lib_a-exit.o)
_fini                                             /home/nikita/software/gcc-arm-none-eabi-7-2018-q2-update/bin/../lib/gcc/arm-none-eabi/7.3.1/thumb/v7-m/crti.o
_global_impure_ptr                                /home/nikita/software/gcc-arm-none-eabi-7-2018-q2-update/bin/../lib/gcc/arm-none-eabi/7.3.1/../../../../arm-none-eabi/lib/thumb/v7-m/libc_nano.a(lib_a-impure.o)
                                                  /home/nikita/software/gcc-arm-none-eabi-7-2018-q2-update/bin/../lib/gcc/arm-none-eabi/7.3.1/../../../../arm-none-eabi/lib/thumb/v7-m/libc_nano.a(lib_a-exit.o)
_impure_ptr                                       /home/nikita/software/gcc-arm-none-eabi-7-2018-q2-update/bin/../lib/gcc/arm-none-eabi/7.3.1/../../../../arm-none-eabi/lib/thumb/v7-m/libc_nano.a(lib_a-impure.o)
_init                                             /home/nikita/software/gcc-arm-none-eabi-7-2018-q2-update/bin/../lib/gcc/arm-none-eabi/7.3.1/thumb/v7-m/crti.o
                                                  /home/nikita/software/gcc-arm-none-eabi-7-2018-q2-update/bin/../lib/gcc/arm-none-eabi/7.3.1/../../../../arm-none-eabi/lib/thumb/v7-m/libc_nano.a(lib_a-init.o)
_mainCRTStartup                                   /home/nikita/software/gcc-arm-none-eabi-7-2018-q2-update/bin/../lib/gcc/arm-none-eabi/7.3.1/../../../../arm-none-eabi/lib/thumb/v7-m/crt0.o
_sbss                                             build/startup_stm32f205xx.o
_sdata                                            build/startup_stm32f205xx.o
_sidata                                           build/startup_stm32f205xx.o
_start                                            /home/nikita/software/gcc-arm-none-eabi-7-2018-q2-update/bin/../lib/gcc/arm-none-eabi/7.3.1/../../../../arm-none-eabi/lib/thumb/v7-m/crt0.o
atexit                                            /home/nikita/software/gcc-arm-none-eabi-7-2018-q2-update/bin/../lib/gcc/arm-none-eabi/7.3.1/../../../../arm-none-eabi/lib/thumb/v7-m/crt0.o
delay_ms                                          build/timer.o
delay_us                                          build/timer.o
exit                                              /home/nikita/software/gcc-arm-none-eabi-7-2018-q2-update/bin/../lib/gcc/arm-none-eabi/7.3.1/../../../../arm-none-eabi/lib/thumb/v7-m/libc_nano.a(lib_a-exit.o)
                                                  /home/nikita/software/gcc-arm-none-eabi-7-2018-q2-update/bin/../lib/gcc/arm-none-eabi/7.3.1/../../../../arm-none-eabi/lib/thumb/v7-m/crt0.o
g_pfnVectors                                      build/startup_stm32f205xx.o
get_gpio                                          build/gpio.o
global_ms                                         build/timer.o
hadc1                                             build/main.o
                                                  build/stm32f2xx_it.o
hardware_init_hook                                /home/nikita/software/gcc-arm-none-eabi-7-2018-q2-update/bin/../lib/gcc/arm-none-eabi/7.3.1/../../../../arm-none-eabi/lib/thumb/v7-m/crt0.o
huart1                                            build/main.o
init_gpio                                         build/gpio.o
init_systick                                      build/timer.o
main                                              build/main.o
                                                  build/startup_stm32f205xx.o
                                                  /home/nikita/software/gcc-arm-none-eabi-7-2018-q2-update/bin/../lib/gcc/arm-none-eabi/7.3.1/../../../../arm-none-eabi/lib/thumb/v7-m/crt0.o
memset                                            /home/nikita/software/gcc-arm-none-eabi-7-2018-q2-update/bin/../lib/gcc/arm-none-eabi/7.3.1/../../../../arm-none-eabi/lib/thumb/v7-m/libc_nano.a(lib_a-memset.o)
                                                  build/main.o
                                                  /home/nikita/software/gcc-arm-none-eabi-7-2018-q2-update/bin/../lib/gcc/arm-none-eabi/7.3.1/../../../../arm-none-eabi/lib/thumb/v7-m/crt0.o
pFlash                                            build/stm32f2xx_hal_flash.o
                                                  build/stm32f2xx_hal_flash_ex.o
print                                             build/print.o
                                                  build/main.o
printDEC                                          build/print.o
                                                  build/main.o
print_field                                       build/print.o
print_hb                                          build/print.o
print_hex                                         build/print.o
set_gpio                                          build/gpio.o
software_init_hook                                /home/nikita/software/gcc-arm-none-eabi-7-2018-q2-update/bin/../lib/gcc/arm-none-eabi/7.3.1/../../../../arm-none-eabi/lib/thumb/v7-m/crt0.o
uwTick                                            build/stm32f2xx_hal.o
write_u1                                          build/debug.o
                                                  build/main.o
